// Jest Snapshot v1, https://goo.gl/fbAQLP

exports[`should render correctly 1`] = `
<div
  className="hNpSwj"
>
  <button
    className="btn btn-link"
    disabled={false}
    onClick={[Function]}
    type="button"
  >
    <h4>
      Test
      <div
        className="jsiZnw clearfix"
      >
        <i
          className="fa fa-angle-right"
          role="presentation"
        />
      </div>
    </h4>
  </button>
  <div
    aria-expanded={null}
    className="collapse row"
  >
    <div
      className="col-xs-12"
    >
      <h3>
        test
      </h3>
    </div>
  </div>
</div>
`;
