// Jest Snapshot v1, https://goo.gl/fbAQLP

exports[`Fonticon matches the previous snapshot 1`] = `
<div
  className="jsiZnw clearfix"
>
  <i
    className="fa fa-cog"
    role="presentation"
  />
</div>
`;
