// Jest Snapshot v1, https://goo.gl/fbAQLP

exports[`BasicAuthField should match the previous snapshot 1`] = `
<div
  className="hNpSwj"
>
  <button
    className="btn btn-link"
    disabled={false}
    onClick={[Function]}
    type="button"
  >
    <h4>
      Basic auth
      <div
        className="jsiZnw clearfix"
      >
        <i
          className="fa fa-angle-right"
          role="presentation"
        />
      </div>
    </h4>
  </button>
  <div
    aria-expanded={null}
    className="collapse row"
  >
    <div
      className="col-xs-12"
    >
      <div
        className="form-group"
      >
        <div
          className="col-xs-5"
        >
          <input
            className="form-control"
            id="method"
            placeholder="Username"
            type="text"
          />
        </div>
        <div
          className="col-xs-5"
        >
          <input
            className="form-control"
            id="method"
            placeholder="Password"
            type="password"
          />
        </div>
        <div
          className="col-xs-2"
        >
          <div
            className="checkbox"
            style={undefined}
          >
            <label>
              <input
                checked={false}
                disabled={false}
                onChange={[Function]}
                type="checkbox"
              />
              Show password?
            </label>
          </div>
        </div>
      </div>
    </div>
  </div>
</div>
`;
