// Jest Snapshot v1, https://goo.gl/fbAQLP

exports[`HeadersField should match the previous snapshot 1`] = `
<div
  className="hNpSwj"
>
  <button
    className="btn btn-link"
    disabled={false}
    onClick={[Function]}
    type="button"
  >
    <h4>
      Headers
      <div
        className="jsiZnw clearfix"
      >
        <i
          className="fa fa-angle-right"
          role="presentation"
        />
      </div>
    </h4>
  </button>
  <div
    aria-expanded={null}
    className="collapse row"
  >
    <div
      className="col-xs-12"
    >
      <div
        className="form-group"
      >
        <div
          className="col-xs-5"
        >
          <div
            className="yfUuJ"
          >
            <div
              className="react-autosuggest__container"
            >
              <input
                aria-activedescendant={null}
                aria-autocomplete="list"
                aria-expanded={false}
                aria-haspopup={false}
                aria-owns="react-autowhatever-1"
                autoComplete="off"
                className="react-autosuggest__input form-control"
                name="[object Object].name"
                onBlur={[Function]}
                onChange={[Function]}
                onDragStart={[Function]}
                onDrop={[Function]}
                onFocus={[Function]}
                onKeyDown={[Function]}
                placeholder="Name"
                role="combobox"
                type="text"
                value=""
              />
              <div
                className="react-autosuggest__suggestions-container"
                id="react-autowhatever-1"
              />
            </div>
          </div>
        </div>
        <div
          className="col-xs-5"
        >
          <input
            className="form-control"
            id="header.[object Object]"
            name="[object Object].value"
            onBlur={[Function]}
            onChange={[Function]}
            onDragStart={[Function]}
            onDrop={[Function]}
            onFocus={[Function]}
            placeholder="Value"
            type="text"
            value=""
          />
        </div>
        <div
          className="col-xs-2"
        >
          <button
            className="dIGbVH exyKyC"
            id="removeHeaderButton0"
            onClick={[Function]}
            onMouseEnter={[Function]}
            onMouseLeave={[Function]}
          >
            <div
              className="eMVcPd"
            >
              <div
                className="ddxWyy"
              />
              <span
                className="jsYWMN"
              >
                Remove header
              </span>
            </div>
            <div
              className="jsiZnw clearfix"
            >
              <i
                className="fa fa-trash"
                role="presentation"
              />
            </div>
          </button>
        </div>
      </div>
      <div
        className="form-group"
      >
        <div
          className="col-xs-5"
        >
          <div
            className="yfUuJ"
          >
            <div
              className="react-autosuggest__container"
            >
              <input
                aria-activedescendant={null}
                aria-autocomplete="list"
                aria-expanded={false}
                aria-haspopup={false}
                aria-owns="react-autowhatever-1"
                autoComplete="off"
                className="react-autosuggest__input form-control"
                name="[object Object].name"
                onBlur={[Function]}
                onChange={[Function]}
                onDragStart={[Function]}
                onDrop={[Function]}
                onFocus={[Function]}
                onKeyDown={[Function]}
                placeholder="Name"
                role="combobox"
                type="text"
                value=""
              />
              <div
                className="react-autosuggest__suggestions-container"
                id="react-autowhatever-1"
              />
            </div>
          </div>
        </div>
        <div
          className="col-xs-5"
        >
          <input
            className="form-control"
            id="header.[object Object]"
            name="[object Object].value"
            onBlur={[Function]}
            onChange={[Function]}
            onDragStart={[Function]}
            onDrop={[Function]}
            onFocus={[Function]}
            placeholder="Value"
            type="text"
            value=""
          />
        </div>
        <div
          className="col-xs-2"
        >
          <button
            className="dIGbVH exyKyC"
            id="removeHeaderButton1"
            onClick={[Function]}
            onMouseEnter={[Function]}
            onMouseLeave={[Function]}
          >
            <div
              className="eMVcPd"
            >
              <div
                className="ddxWyy"
              />
              <span
                className="jsYWMN"
              >
                Remove header
              </span>
            </div>
            <div
              className="jsiZnw clearfix"
            >
              <i
                className="fa fa-trash"
                role="presentation"
              />
            </div>
          </button>
        </div>
      </div>
      <div
        className="form-group"
      >
        <div
          className="col-xs-5"
        >
          <div
            className="yfUuJ"
          >
            <div
              className="react-autosuggest__container"
            >
              <input
                aria-activedescendant={null}
                aria-autocomplete="list"
                aria-expanded={false}
                aria-haspopup={false}
                aria-owns="react-autowhatever-1"
                autoComplete="off"
                className="react-autosuggest__input form-control"
                name="[object Object].name"
                onBlur={[Function]}
                onChange={[Function]}
                onDragStart={[Function]}
                onDrop={[Function]}
                onFocus={[Function]}
                onKeyDown={[Function]}
                placeholder="Name"
                role="combobox"
                type="text"
                value=""
              />
              <div
                className="react-autosuggest__suggestions-container"
                id="react-autowhatever-1"
              />
            </div>
          </div>
        </div>
        <div
          className="col-xs-5"
        >
          <input
            className="form-control"
            id="header.[object Object]"
            name="[object Object].value"
            onBlur={[Function]}
            onChange={[Function]}
            onDragStart={[Function]}
            onDrop={[Function]}
            onFocus={[Function]}
            placeholder="Value"
            type="text"
            value=""
          />
        </div>
        <div
          className="col-xs-2"
        >
          <button
            className="dIGbVH exyKyC"
            id="removeHeaderButton2"
            onClick={[Function]}
            onMouseEnter={[Function]}
            onMouseLeave={[Function]}
          >
            <div
              className="eMVcPd"
            >
              <div
                className="ddxWyy"
              />
              <span
                className="jsYWMN"
              >
                Remove header
              </span>
            </div>
            <div
              className="jsiZnw clearfix"
            >
              <i
                className="fa fa-trash"
                role="presentation"
              />
            </div>
          </button>
        </div>
      </div>
      <div
        className="row"
      >
        <div
          className="col-xs-12"
        >
          <button
            className="hvMBRh btn btn-link"
            disabled={false}
            id="addHeaderButton"
            onClick={[Function]}
            type="button"
          >
            <div
              className="jsiZnw clearfix"
            >
              <i
                className="fa fa-plus"
                role="presentation"
              />
            </div>
            Add header
          </button>
        </div>
      </div>
    </div>
  </div>
</div>
`;
