// Jest Snapshot v1, https://goo.gl/fbAQLP

exports[`should render correctly 1`] = `
<div
  className="panel panel-default"
  id={undefined}
>
  <div
    className="panel-heading"
  >
    <div
      className="nUMqf clearfix"
    >
      <h2
        className="pull-left"
      >
        Request
      </h2>
      <button
        className="pull-right hidden-xs exyKyC"
        onClick={[Function]}
        onMouseEnter={[Function]}
        onMouseLeave={[Function]}
      >
        <div
          className="eMVcPd"
        >
          <div
            className="ddxWyy"
          />
          <span
            className="jsYWMN"
          >
            Add to collection
          </span>
        </div>
        <div
          className="jsiZnw clearfix"
        >
          <i
            className="fa fa-plus"
            role="presentation"
          />
        </div>
      </button>
      <button
        className="pull-right exyKyC"
        onClick={[Function]}
        onMouseEnter={[Function]}
        onMouseLeave={[Function]}
      >
        <div
          className="eMVcPd"
        >
          <div
            className="ddxWyy"
          />
          <span
            className="jsYWMN"
          >
            Options
          </span>
        </div>
        <div
          className="jsiZnw clearfix"
        >
          <i
            className="fa fa-cog"
            role="presentation"
          />
        </div>
      </button>
      <button
        className="pull-right hidden-xs exyKyC"
        onClick={[Function]}
        onMouseEnter={[Function]}
        onMouseLeave={[Function]}
      >
        <div
          className="eMVcPd"
        >
          <div
            className="ddxWyy"
          />
          <span
            className="jsYWMN"
          >
            Hide collections
          </span>
        </div>
        <div
          className="jsiZnw clearfix"
        >
          <i
            className="fa fa-expand"
            role="presentation"
          />
        </div>
      </button>
    </div>
  </div>
  <div
    className="panel-body"
  >
    <form
      className="form-horizontal"
      onSubmit={[Function]}
    >
      <div
        className="row"
      >
        <div
          className="col-sm-4"
        >
          <div
            className="form-group"
          >
            <div
              className="col-xs-12"
            >
              <div
                className="row"
              >
                <div
                  className="col-xs-6"
                >
                  <label
                    className="control-label sr-only"
                    htmlFor="method"
                  >
                    Method
                  </label>
                  <select
                    className="form-control"
                    id="method"
                    name="method"
                    onBlur={[Function]}
                    onChange={[Function]}
                    onDragStart={[Function]}
                    onDrop={[Function]}
                    onFocus={[Function]}
                    placeholder="Method"
                    type={undefined}
                    value="CUSTOM"
                  >
                    <option
                      value="GET"
                    >
                      GET
                    </option>
                    <option
                      value="POST"
                    >
                      POST
                    </option>
                    <option
                      value="PUT"
                    >
                      PUT
                    </option>
                    <option
                      value="DELETE"
                    >
                      DELETE
                    </option>
                    <option
                      value="PATCH"
                    >
                      PATCH
                    </option>
                    <option
                      value="HEAD"
                    >
                      HEAD
                    </option>
                    <option
                      value="JSONP"
                    >
                      JSONP
                    </option>
                    <option
                      value="CUSTOM"
                    >
                      CUSTOM
                    </option>
                  </select>
                </div>
                <div
                  className="col-xs-6"
                >
                  <input
                    className="form-control"
                    id="method"
                    name="method"
                    onBlur={[Function]}
                    onChange={[Function]}
                    onDragStart={[Function]}
                    onDrop={[Function]}
                    onFocus={[Function]}
                    type={undefined}
                    value=""
                  />
                </div>
              </div>
            </div>
          </div>
        </div>
        <div
          className="col-sm-6"
        >
          <div
            className="form-group"
          >
            <div
              className="col-sm-12"
            >
              <label
                className="control-label sr-only"
                htmlFor="url"
              >
                URL
              </label>
              <input
                autoFocus={true}
                className="form-control"
                id="url"
                name="url"
                onBlur={[Function]}
                onChange={[Function]}
                onDragStart={[Function]}
                onDrop={[Function]}
                onFocus={[Function]}
                placeholder={undefined}
                type="text"
                value=""
              />
            </div>
          </div>
        </div>
        <div
          className="hidden-lg hidden-md col-sm-3 hidden-xs"
        >
          <button
            className="btn btn-primary btn-block"
            disabled={false}
            type="submit"
          >
            Send
          </button>
        </div>
        <div
          className="col-md-3 hidden-sm col-xs-12"
        >
          <button
            className="btn btn-primary btn-block"
            disabled={false}
            type="submit"
          >
            Send request
          </button>
        </div>
      </div>
      <div
        className="hNpSwj"
      >
        <button
          className="btn btn-link"
          disabled={false}
          onClick={[Function]}
          type="button"
        >
          <h4>
            Headers
            <div
              className="jsiZnw clearfix"
            >
              <i
                className="fa fa-angle-right"
                role="presentation"
              />
            </div>
          </h4>
        </button>
        <div
          aria-expanded={null}
          className="collapse row"
        >
          <div
            className="col-xs-12"
          >
            <div
              className="row"
            >
              <div
                className="col-xs-12"
              >
                <button
                  className="hvMBRh btn btn-link"
                  disabled={false}
                  id="addHeaderButton"
                  onClick={[Function]}
                  type="button"
                >
                  <div
                    className="jsiZnw clearfix"
                  >
                    <i
                      className="fa fa-plus"
                      role="presentation"
                    />
                  </div>
                  Add header
                </button>
              </div>
            </div>
          </div>
        </div>
      </div>
      <div
        className="hNpSwj"
      >
        <button
          className="btn btn-link"
          disabled={false}
          onClick={[Function]}
          type="button"
        >
          <h4>
            Basic auth
            <div
              className="jsiZnw clearfix"
            >
              <i
                className="fa fa-angle-right"
                role="presentation"
              />
            </div>
          </h4>
        </button>
        <div
          aria-expanded={null}
          className="collapse row"
        >
          <div
            className="col-xs-12"
          >
            <div
              className="form-group"
            >
              <div
                className="col-xs-5"
              >
                <input
                  className="form-control"
                  id="method"
                  name="basicAuth.username"
                  onBlur={[Function]}
                  onChange={[Function]}
                  onDragStart={undefined}
                  onDrop={undefined}
                  onFocus={[Function]}
                  placeholder="Username"
                  type="text"
                  value=""
                />
              </div>
              <div
                className="col-xs-5"
              >
                <input
                  className="form-control"
                  id="method"
                  name="basicAuth.password"
                  onBlur={[Function]}
                  onChange={[Function]}
                  onDragStart={undefined}
                  onDrop={undefined}
                  onFocus={[Function]}
                  placeholder="Password"
                  type="password"
                  value=""
                />
              </div>
              <div
                className="col-xs-2"
              >
                <div
                  className="checkbox"
                  style={undefined}
                >
                  <label>
                    <input
                      checked={false}
                      disabled={false}
                      onChange={[Function]}
                      type="checkbox"
                    />
                    Show password?
                  </label>
                </div>
              </div>
            </div>
          </div>
        </div>
      </div>
      <div
        className="hNpSwj"
      >
        <button
          className="btn btn-link"
          disabled={false}
          onClick={[Function]}
          type="button"
        >
          <h4>
            Request body
            <div
              className="jsiZnw clearfix"
            >
              <i
                className="fa fa-angle-right"
                role="presentation"
              />
            </div>
          </h4>
        </button>
        <div
          aria-expanded={null}
          className="collapse row"
        >
          <div
            className="col-xs-12"
          >
            <div
              className="form-group"
            >
              <label
                className="col-xs-2 control-label"
                htmlFor="bodyType"
              >
                Type
              </label>
              <div
                className="col-xs-8"
              >
                <select
                  className="form-control"
                  id="bodyType"
                  name="bodyType"
                  onBlur={[Function]}
                  onChange={[Function]}
                  onDragStart={[Function]}
                  onDrop={[Function]}
                  onFocus={[Function]}
                  placeholder="Body type"
                  type={undefined}
                  value="json"
                >
                  <option
                    value="custom"
                  >
                    Custom
                  </option>
                  <option
                    value="json"
                  >
                    JSON
                  </option>
                  <option
                    value="multipart"
                  >
                    Multipart form data
                  </option>
                  <option
                    value="urlencoded"
                  >
                    URLencoded form data
                  </option>
                </select>
              </div>
            </div>
            <div
              className="eWjddY"
            >
              <div
                className="row"
              >
                <div
                  className="col-xs-12"
                >
                  <button
                    className="hvMBRh btn btn-link"
                    disabled={false}
                    id="addParameter"
                    onClick={[Function]}
                    type="button"
                  >
                    <div
                      className="jsiZnw clearfix"
                    >
                      <i
                        className="fa fa-plus"
                        role="presentation"
                      />
                    </div>
                    Add parameter
                  </button>
                </div>
              </div>
            </div>
          </div>
        </div>
      </div>
    </form>
  </div>
</div>
`;
