// Jest Snapshot v1, https://goo.gl/fbAQLP

exports[`Loading matches the previous snapshot 1`] = `
<div
  className="text-center col-xs-12"
>
  <div
    className="jsiZnw clearfix"
  >
    <i
      className="fa fa-gear fa-spin iKhhRu"
      role="presentation"
    />
  </div>
</div>
`;
